Analysis & Synthesis report for FPGA4U_DE0
Wed Oct 16 21:55:48 2013
Quartus II 64-Bit Version 13.0.1 Build 232 06/12/2013 Service Pack 1 SJ Web Edition


---------------------
; Table of Contents ;
---------------------
  1. Legal Notice
  2. Analysis & Synthesis Summary
  3. Analysis & Synthesis Settings
  4. Parallel Compilation
  5. Analysis & Synthesis Source Files Read
  6. Analysis & Synthesis Resource Usage Summary
  7. Analysis & Synthesis Resource Utilization by Entity
  8. Analysis & Synthesis RAM Summary
  9. Analysis & Synthesis IP Cores Summary
 10. State Machine - |FPGA4U_DE0|FPGA4U:inst1|controller:inst|state
 11. State Machine - |FPGA4U_DE0|rgb_led96:inst4|state
 12. User-Specified and Inferred Latches
 13. Registers Removed During Synthesis
 14. Removed Registers Triggering Further Register Optimizations
 15. General Register Statistics
 16. Inverted Register Statistics
 17. Registers Packed Into Inferred Megafunctions
 18. Multiplexer Restructuring Statistics (Restructuring Performed)
 19. Source assignments for FPGA4U:inst1|ROM:ROM_0|ROM_Block:rom_block_0|altsyncram:altsyncram_component|altsyncram_rna1:auto_generated
 20. Source assignments for rgb_led96:inst4|altsyncram:gamma_table_rtl_0|altsyncram_8871:auto_generated
 21. Parameter Settings for User Entity Instance: rgb_led96:inst4
 22. Parameter Settings for User Entity Instance: FPGA4U:inst1|ROM:ROM_0|ROM_Block:rom_block_0|altsyncram:altsyncram_component
 23. Parameter Settings for Inferred Entity Instance: rgb_led96:inst4|altsyncram:gamma_table_rtl_0
 24. altsyncram Parameter Settings by Entity Instance
 25. Elapsed Time Per Partition
 26. Analysis & Synthesis Messages



----------------
; Legal Notice ;
----------------
Copyright (C) 1991-2013 Altera Corporation
Your use of Altera Corporation's design tools, logic functions 
and other software and tools, and its AMPP partner logic 
functions, and any output files from any of the foregoing 
(including device programming or simulation files), and any 
associated documentation or information are expressly subject 
to the terms and conditions of the Altera Program License 
Subscription Agreement, Altera MegaCore Function License 
Agreement, or other applicable license agreement, including, 
without limitation, that your use is for the sole purpose of 
programming logic devices manufactured by Altera and sold by 
Altera or its authorized distributors.  Please refer to the 
applicable agreement for further details.



+--------------------------------------------------------------------------------------+
; Analysis & Synthesis Summary                                                         ;
+------------------------------------+-------------------------------------------------+
; Analysis & Synthesis Status        ; Successful - Wed Oct 16 21:55:45 2013           ;
; Quartus II 64-Bit Version          ; 13.0.1 Build 232 06/12/2013 SP 1 SJ Web Edition ;
; Revision Name                      ; FPGA4U_DE0                                      ;
; Top-level Entity Name              ; FPGA4U_DE0                                      ;
; Family                             ; Cyclone IV E                                    ;
; Total logic elements               ; 14,577                                          ;
;     Total combinational functions  ; 14,435                                          ;
;     Dedicated logic registers      ; 309                                             ;
; Total registers                    ; 309                                             ;
; Total pins                         ; 47                                              ;
; Total virtual pins                 ; 0                                               ;
; Total memory bits                  ; 36,608                                          ;
; Embedded Multiplier 9-bit elements ; 0                                               ;
; Total PLLs                         ; 0                                               ;
+------------------------------------+-------------------------------------------------+


+----------------------------------------------------------------------------------------------------------------------+
; Analysis & Synthesis Settings                                                                                        ;
+----------------------------------------------------------------------------+--------------------+--------------------+
; Option                                                                     ; Setting            ; Default Value      ;
+----------------------------------------------------------------------------+--------------------+--------------------+
; Device                                                                     ; EP4CE22F17C6       ;                    ;
; Top-level entity name                                                      ; FPGA4U_DE0         ; FPGA4U_DE0         ;
; Family name                                                                ; Cyclone IV E       ; Cyclone IV GX      ;
; Use smart compilation                                                      ; On                 ; Off                ;
; Enable parallel Assembler and TimeQuest Timing Analyzer during compilation ; On                 ; On                 ;
; Enable compact report table                                                ; Off                ; Off                ;
; Restructure Multiplexers                                                   ; Auto               ; Auto               ;
; Create Debugging Nodes for IP Cores                                        ; Off                ; Off                ;
; Preserve fewer node names                                                  ; On                 ; On                 ;
; Disable OpenCore Plus hardware evaluation                                  ; Off                ; Off                ;
; Verilog Version                                                            ; Verilog_2001       ; Verilog_2001       ;
; VHDL Version                                                               ; VHDL_1993          ; VHDL_1993          ;
; State Machine Processing                                                   ; Auto               ; Auto               ;
; Safe State Machine                                                         ; Off                ; Off                ;
; Extract Verilog State Machines                                             ; On                 ; On                 ;
; Extract VHDL State Machines                                                ; On                 ; On                 ;
; Ignore Verilog initial constructs                                          ; Off                ; Off                ;
; Iteration limit for constant Verilog loops                                 ; 5000               ; 5000               ;
; Iteration limit for non-constant Verilog loops                             ; 250                ; 250                ;
; Add Pass-Through Logic to Inferred RAMs                                    ; On                 ; On                 ;
; Infer RAMs from Raw Logic                                                  ; On                 ; On                 ;
; Parallel Synthesis                                                         ; On                 ; On                 ;
; DSP Block Balancing                                                        ; Auto               ; Auto               ;
; NOT Gate Push-Back                                                         ; On                 ; On                 ;
; Power-Up Don't Care                                                        ; On                 ; On                 ;
; Remove Redundant Logic Cells                                               ; Off                ; Off                ;
; Remove Duplicate Registers                                                 ; On                 ; On                 ;
; Ignore CARRY Buffers                                                       ; Off                ; Off                ;
; Ignore CASCADE Buffers                                                     ; Off                ; Off                ;
; Ignore GLOBAL Buffers                                                      ; Off                ; Off                ;
; Ignore ROW GLOBAL Buffers                                                  ; Off                ; Off                ;
; Ignore LCELL Buffers                                                       ; Off                ; Off                ;
; Ignore SOFT Buffers                                                        ; On                 ; On                 ;
; Limit AHDL Integers to 32 Bits                                             ; Off                ; Off                ;
; Optimization Technique                                                     ; Balanced           ; Balanced           ;
; Carry Chain Length                                                         ; 70                 ; 70                 ;
; Auto Carry Chains                                                          ; On                 ; On                 ;
; Auto Open-Drain Pins                                                       ; On                 ; On                 ;
; Perform WYSIWYG Primitive Resynthesis                                      ; Off                ; Off                ;
; Auto ROM Replacement                                                       ; On                 ; On                 ;
; Auto RAM Replacement                                                       ; On                 ; On                 ;
; Auto DSP Block Replacement                                                 ; On                 ; On                 ;
; Auto Shift Register Replacement                                            ; Auto               ; Auto               ;
; Allow Shift Register Merging across Hierarchies                            ; Auto               ; Auto               ;
; Auto Clock Enable Replacement                                              ; On                 ; On                 ;
; Strict RAM Replacement                                                     ; Off                ; Off                ;
; Allow Synchronous Control Signals                                          ; On                 ; On                 ;
; Force Use of Synchronous Clear Signals                                     ; Off                ; Off                ;
; Auto RAM Block Balancing                                                   ; On                 ; On                 ;
; Auto RAM to Logic Cell Conversion                                          ; Off                ; Off                ;
; Auto Resource Sharing                                                      ; Off                ; Off                ;
; Allow Any RAM Size For Recognition                                         ; Off                ; Off                ;
; Allow Any ROM Size For Recognition                                         ; Off                ; Off                ;
; Allow Any Shift Register Size For Recognition                              ; Off                ; Off                ;
; Use LogicLock Constraints during Resource Balancing                        ; On                 ; On                 ;
; Ignore translate_off and synthesis_off directives                          ; Off                ; Off                ;
; Timing-Driven Synthesis                                                    ; On                 ; On                 ;
; Report Parameter Settings                                                  ; On                 ; On                 ;
; Report Source Assignments                                                  ; On                 ; On                 ;
; Report Connectivity Checks                                                 ; On                 ; On                 ;
; Ignore Maximum Fan-Out Assignments                                         ; Off                ; Off                ;
; Synchronization Register Chain Length                                      ; 2                  ; 2                  ;
; PowerPlay Power Optimization                                               ; Normal compilation ; Normal compilation ;
; HDL message level                                                          ; Level2             ; Level2             ;
; Suppress Register Optimization Related Messages                            ; Off                ; Off                ;
; Number of Removed Registers Reported in Synthesis Report                   ; 5000               ; 5000               ;
; Number of Swept Nodes Reported in Synthesis Report                         ; 5000               ; 5000               ;
; Number of Inverted Registers Reported in Synthesis Report                  ; 100                ; 100                ;
; Clock MUX Protection                                                       ; On                 ; On                 ;
; Auto Gated Clock Conversion                                                ; Off                ; Off                ;
; Block Design Naming                                                        ; Auto               ; Auto               ;
; SDC constraint protection                                                  ; Off                ; Off                ;
; Synthesis Effort                                                           ; Auto               ; Auto               ;
; Shift Register Replacement - Allow Asynchronous Clear Signal               ; On                 ; On                 ;
; Pre-Mapping Resynthesis Optimization                                       ; Off                ; Off                ;
; Analysis & Synthesis Message Level                                         ; Medium             ; Medium             ;
; Disable Register Merging Across Hierarchies                                ; Auto               ; Auto               ;
; Resource Aware Inference For Block RAM                                     ; On                 ; On                 ;
; Synthesis Seed                                                             ; 1                  ; 1                  ;
+----------------------------------------------------------------------------+--------------------+--------------------+


Parallel compilation was disabled, but you have multiple processors available. Enable parallel compilation to reduce compilation time.
+-------------------------------------+
; Parallel Compilation                ;
+----------------------------+--------+
; Processors                 ; Number ;
+----------------------------+--------+
; Number detected on machine ; 2      ;
; Maximum allowed            ; 1      ;
+----------------------------+--------+


+---------------------------------------------------------------------------------------------------------------------------------------------------------------------------------------------------------------------+
; Analysis & Synthesis Source Files Read                                                                                                                                                                              ;
+-----------------------------------------------+-----------------+-------------------------------------------------------+---------------------------------------------------------------------------------+---------+
; File Name with User-Entered Path              ; Used in Netlist ; File Type                                             ; File Name with Absolute Path                                                    ; Library ;
+-----------------------------------------------+-----------------+-------------------------------------------------------+---------------------------------------------------------------------------------+---------+
; FPGA4U_DE0.bdf                                ; yes             ; User Block Diagram/Schematic File                     ; Y:/BA3/ArchOrd/4_Memories/quartus/FPGA4U_DE0.bdf                                ;         ;
; FPGA4U.bdf                                    ; yes             ; User Block Diagram/Schematic File                     ; Y:/BA3/ArchOrd/4_Memories/quartus/FPGA4U.bdf                                    ;         ;
; rgb_led96.vhd                                 ; yes             ; User VHDL File                                        ; Y:/BA3/ArchOrd/4_Memories/quartus/rgb_led96.vhd                                 ;         ;
; ../vhdl/Controller.vhd                        ; yes             ; User VHDL File                                        ; Y:/BA3/ArchOrd/4_Memories/vhdl/Controller.vhd                                   ;         ;
; ../vhdl/decoder.vhd                           ; yes             ; User VHDL File                                        ; Y:/BA3/ArchOrd/4_Memories/vhdl/decoder.vhd                                      ;         ;
; ../vhdl/LEDs.vhd                              ; yes             ; User VHDL File                                        ; Y:/BA3/ArchOrd/4_Memories/vhdl/LEDs.vhd                                         ;         ;
; ../vhdl/RAM.vhd                               ; yes             ; User VHDL File                                        ; Y:/BA3/ArchOrd/4_Memories/vhdl/RAM.vhd                                          ;         ;
; ../vhdl/ROM.vhd                               ; yes             ; User VHDL File                                        ; Y:/BA3/ArchOrd/4_Memories/vhdl/ROM.vhd                                          ;         ;
; ../vhdl/ROM_Block.vhd                         ; yes             ; User Wizard-Generated File                            ; Y:/BA3/ArchOrd/4_Memories/vhdl/ROM_Block.vhd                                    ;         ;
; ROM.hex                                       ; yes             ; User Hexadecimal (Intel-Format) File                  ; Y:/BA3/ArchOrd/4_Memories/quartus/ROM.hex                                       ;         ;
; altsyncram.tdf                                ; yes             ; Megafunction                                          ; c:/altera/13.0sp1/quartus/libraries/megafunctions/altsyncram.tdf                ;         ;
; stratix_ram_block.inc                         ; yes             ; Megafunction                                          ; c:/altera/13.0sp1/quartus/libraries/megafunctions/stratix_ram_block.inc         ;         ;
; lpm_mux.inc                                   ; yes             ; Megafunction                                          ; c:/altera/13.0sp1/quartus/libraries/megafunctions/lpm_mux.inc                   ;         ;
; lpm_decode.inc                                ; yes             ; Megafunction                                          ; c:/altera/13.0sp1/quartus/libraries/megafunctions/lpm_decode.inc                ;         ;
; aglobal130.inc                                ; yes             ; Megafunction                                          ; c:/altera/13.0sp1/quartus/libraries/megafunctions/aglobal130.inc                ;         ;
; a_rdenreg.inc                                 ; yes             ; Megafunction                                          ; c:/altera/13.0sp1/quartus/libraries/megafunctions/a_rdenreg.inc                 ;         ;
; altrom.inc                                    ; yes             ; Megafunction                                          ; c:/altera/13.0sp1/quartus/libraries/megafunctions/altrom.inc                    ;         ;
; altram.inc                                    ; yes             ; Megafunction                                          ; c:/altera/13.0sp1/quartus/libraries/megafunctions/altram.inc                    ;         ;
; altdpram.inc                                  ; yes             ; Megafunction                                          ; c:/altera/13.0sp1/quartus/libraries/megafunctions/altdpram.inc                  ;         ;
; db/altsyncram_rna1.tdf                        ; yes             ; Auto-Generated Megafunction                           ; Y:/BA3/ArchOrd/4_Memories/quartus/db/altsyncram_rna1.tdf                        ;         ;
; db/altsyncram_8871.tdf                        ; yes             ; Auto-Generated Megafunction                           ; Y:/BA3/ArchOrd/4_Memories/quartus/db/altsyncram_8871.tdf                        ;         ;
; db/fpga4u_de0.ram0_rgb_led96_6e55db65.hdl.mif ; yes             ; Auto-Generated Auto-Found Memory Initialization File  ; Y:/BA3/ArchOrd/4_Memories/quartus/db/fpga4u_de0.ram0_rgb_led96_6e55db65.hdl.mif ;         ;
+-----------------------------------------------+-----------------+-------------------------------------------------------+---------------------------------------------------------------------------------+---------+


+---------------------------------------------------------------------------------------+
; Analysis & Synthesis Resource Usage Summary                                           ;
+---------------------------------------------+-----------------------------------------+
; Resource                                    ; Usage                                   ;
+---------------------------------------------+-----------------------------------------+
; Estimated Total logic elements              ; 14,577                                  ;
;                                             ;                                         ;
; Total combinational functions               ; 14435                                   ;
; Logic element usage by number of LUT inputs ;                                         ;
;     -- 4 input functions                    ; 5946                                    ;
;     -- 3 input functions                    ; 8343                                    ;
;     -- <=2 input functions                  ; 146                                     ;
;                                             ;                                         ;
; Logic elements by mode                      ;                                         ;
;     -- normal mode                          ; 14311                                   ;
;     -- arithmetic mode                      ; 124                                     ;
;                                             ;                                         ;
; Total registers                             ; 309                                     ;
;     -- Dedicated logic registers            ; 309                                     ;
;     -- I/O registers                        ; 0                                       ;
;                                             ;                                         ;
; I/O pins                                    ; 47                                      ;
; Total memory bits                           ; 36608                                   ;
; Embedded Multiplier 9-bit elements          ; 0                                       ;
; Maximum fan-out node                        ; FPGA4U:inst1|controller:inst|address[7] ;
; Maximum fan-out                             ; 1080                                    ;
; Total fan-out                               ; 50729                                   ;
; Average fan-out                             ; 3.41                                    ;
+---------------------------------------------+-----------------------------------------+


+------------------------------------------------------------------------------------------------------------------------------------------------------------------------------------------------------------------------------------------------------------------------------------------------------+
; Analysis & Synthesis Resource Utilization by Entity                                                                                                                                                                                                                                                  ;
+-------------------------------------------------+-------------------+--------------+-------------+--------------+---------+-----------+------+--------------+-------------------------------------------------------------------------------------------------------------------------+--------------+
; Compilation Hierarchy Node                      ; LC Combinationals ; LC Registers ; Memory Bits ; DSP Elements ; DSP 9x9 ; DSP 18x18 ; Pins ; Virtual Pins ; Full Hierarchy Name                                                                                                     ; Library Name ;
+-------------------------------------------------+-------------------+--------------+-------------+--------------+---------+-----------+------+--------------+-------------------------------------------------------------------------------------------------------------------------+--------------+
; |FPGA4U_DE0                                     ; 14435 (256)       ; 309 (0)      ; 36608       ; 0            ; 0       ; 0         ; 47   ; 0            ; |FPGA4U_DE0                                                                                                             ; work         ;
;    |FPGA4U:inst1|                               ; 13935 (107)       ; 229 (0)      ; 32768       ; 0            ; 0       ; 0         ; 0    ; 0            ; |FPGA4U_DE0|FPGA4U:inst1                                                                                                ; work         ;
;       |LEDs:LEDs_0|                             ; 29 (29)           ; 114 (114)    ; 0           ; 0            ; 0       ; 0         ; 0    ; 0            ; |FPGA4U_DE0|FPGA4U:inst1|LEDs:LEDs_0                                                                                    ; work         ;
;       |RAM:RAM_0|                               ; 13667 (13667)     ; 2 (2)        ; 0           ; 0            ; 0       ; 0         ; 0    ; 0            ; |FPGA4U_DE0|FPGA4U:inst1|RAM:RAM_0                                                                                      ; work         ;
;       |ROM:ROM_0|                               ; 2 (2)             ; 1 (1)        ; 32768       ; 0            ; 0       ; 0         ; 0    ; 0            ; |FPGA4U_DE0|FPGA4U:inst1|ROM:ROM_0                                                                                      ; work         ;
;          |ROM_Block:rom_block_0|                ; 0 (0)             ; 0 (0)        ; 32768       ; 0            ; 0       ; 0         ; 0    ; 0            ; |FPGA4U_DE0|FPGA4U:inst1|ROM:ROM_0|ROM_Block:rom_block_0                                                                ; work         ;
;             |altsyncram:altsyncram_component|   ; 0 (0)             ; 0 (0)        ; 32768       ; 0            ; 0       ; 0         ; 0    ; 0            ; |FPGA4U_DE0|FPGA4U:inst1|ROM:ROM_0|ROM_Block:rom_block_0|altsyncram:altsyncram_component                                ; work         ;
;                |altsyncram_rna1:auto_generated| ; 0 (0)             ; 0 (0)        ; 32768       ; 0            ; 0       ; 0         ; 0    ; 0            ; |FPGA4U_DE0|FPGA4U:inst1|ROM:ROM_0|ROM_Block:rom_block_0|altsyncram:altsyncram_component|altsyncram_rna1:auto_generated ; work         ;
;       |controller:inst|                         ; 130 (130)         ; 112 (112)    ; 0           ; 0            ; 0       ; 0         ; 0    ; 0            ; |FPGA4U_DE0|FPGA4U:inst1|controller:inst                                                                                ; work         ;
;    |rgb_led96:inst4|                            ; 244 (244)         ; 80 (80)      ; 3840        ; 0            ; 0       ; 0         ; 0    ; 0            ; |FPGA4U_DE0|rgb_led96:inst4                                                                                             ; work         ;
;       |altsyncram:gamma_table_rtl_0|            ; 0 (0)             ; 0 (0)        ; 3840        ; 0            ; 0       ; 0         ; 0    ; 0            ; |FPGA4U_DE0|rgb_led96:inst4|altsyncram:gamma_table_rtl_0                                                                ; work         ;
;          |altsyncram_8871:auto_generated|       ; 0 (0)             ; 0 (0)        ; 3840        ; 0            ; 0       ; 0         ; 0    ; 0            ; |FPGA4U_DE0|rgb_led96:inst4|altsyncram:gamma_table_rtl_0|altsyncram_8871:auto_generated                                 ; work         ;
+-------------------------------------------------+-------------------+--------------+-------------+--------------+---------+-----------+------+--------------+-------------------------------------------------------------------------------------------------------------------------+--------------+
Note: For table entries with two numbers listed, the numbers in parentheses indicate the number of resources of the given type used by the specific entity alone. The numbers listed outside of parentheses indicate the total resources of the given type used by the specific entity and all of its sub-entities in the hierarchy.


+----------------------------------------------------------------------------------------------------------------------------------------------------------------------------------------------------------------------------------------------------------+
; Analysis & Synthesis RAM Summary                                                                                                                                                                                                                         ;
+------------------------------------------------------------------------------------------------------------------------+------+------+--------------+--------------+--------------+--------------+-------+-----------------------------------------------+
; Name                                                                                                                   ; Type ; Mode ; Port A Depth ; Port A Width ; Port B Depth ; Port B Width ; Size  ; MIF                                           ;
+------------------------------------------------------------------------------------------------------------------------+------+------+--------------+--------------+--------------+--------------+-------+-----------------------------------------------+
; FPGA4U:inst1|ROM:ROM_0|ROM_Block:rom_block_0|altsyncram:altsyncram_component|altsyncram_rna1:auto_generated|ALTSYNCRAM ; AUTO ; ROM  ; 1024         ; 32           ; --           ; --           ; 32768 ; ../quartus/ROM.hex                            ;
; rgb_led96:inst4|altsyncram:gamma_table_rtl_0|altsyncram_8871:auto_generated|ALTSYNCRAM                                 ; AUTO ; ROM  ; 256          ; 16           ; --           ; --           ; 4096  ; db/FPGA4U_DE0.ram0_rgb_led96_6e55db65.hdl.mif ;
+------------------------------------------------------------------------------------------------------------------------+------+------+--------------+--------------+--------------+--------------+-------+-----------------------------------------------+


+-------------------------------------------------------------------------------------------------------------------------------------------------------------------------+
; Analysis & Synthesis IP Cores Summary                                                                                                                                   ;
+--------+--------------+---------+--------------+--------------+----------------------------------------------------------+----------------------------------------------+
; Vendor ; IP Core Name ; Version ; Release Date ; License Type ; Entity Instance                                          ; IP Include File                              ;
+--------+--------------+---------+--------------+--------------+----------------------------------------------------------+----------------------------------------------+
; Altera ; ROM: 1-PORT  ; 12.1    ; N/A          ; N/A          ; |FPGA4U_DE0|FPGA4U:inst1|ROM:ROM_0|ROM_Block:rom_block_0 ; Y:/BA3/ArchOrd/4_Memories/vhdl/ROM_Block.vhd ;
+--------+--------------+---------+--------------+--------------+----------------------------------------------------------+----------------------------------------------+


Encoding Type:  One-Hot
+----------------------------------------------------------------------------+
; State Machine - |FPGA4U_DE0|FPGA4U:inst1|controller:inst|state             ;
+----------+----------+----------+----------+----------+----------+----------+
; Name     ; state.S5 ; state.S4 ; state.S3 ; state.S2 ; state.S1 ; state.S0 ;
+----------+----------+----------+----------+----------+----------+----------+
; state.S0 ; 0        ; 0        ; 0        ; 0        ; 0        ; 0        ;
; state.S1 ; 0        ; 0        ; 0        ; 0        ; 1        ; 1        ;
; state.S2 ; 0        ; 0        ; 0        ; 1        ; 0        ; 1        ;
; state.S3 ; 0        ; 0        ; 1        ; 0        ; 0        ; 1        ;
; state.S4 ; 0        ; 1        ; 0        ; 0        ; 0        ; 1        ;
; state.S5 ; 1        ; 0        ; 0        ; 0        ; 0        ; 1        ;
+----------+----------+----------+----------+----------+----------+----------+


Encoding Type:  One-Hot
+-------------------------------------------------------------------------+
; State Machine - |FPGA4U_DE0|rgb_led96:inst4|state                       ;
+---------------+---------------+--------------+-----------+--------------+
; Name          ; state.DISPLAY ; state.TRANS2 ; state.RST ; state.TRANS1 ;
+---------------+---------------+--------------+-----------+--------------+
; state.TRANS1  ; 0             ; 0            ; 0         ; 0            ;
; state.RST     ; 0             ; 0            ; 1         ; 1            ;
; state.TRANS2  ; 0             ; 1            ; 0         ; 1            ;
; state.DISPLAY ; 1             ; 0            ; 0         ; 1            ;
+---------------+---------------+--------------+-----------+--------------+


+------------------------------------------------------------------------------------------------------+
; User-Specified and Inferred Latches                                                                  ;
+-------------------------------------------------------+---------------------+------------------------+
; Latch Name                                            ; Latch Enable Signal ; Free of Timing Hazards ;
+-------------------------------------------------------+---------------------+------------------------+
; FPGA4U:inst1|RAM:RAM_0|memory~4952                    ; rtl~0               ; yes                    ;
; FPGA4U:inst1|RAM:RAM_0|memory~5464                    ; rtl~1               ; yes                    ;
; FPGA4U:inst1|RAM:RAM_0|memory~4440                    ; rtl~2               ; yes                    ;
; FPGA4U:inst1|RAM:RAM_0|memory~5976                    ; rtl~3               ; yes                    ;
; FPGA4U:inst1|RAM:RAM_0|memory~5432                    ; rtl~4               ; yes                    ;
; FPGA4U:inst1|RAM:RAM_0|memory~4920                    ; rtl~5               ; yes                    ;
; FPGA4U:inst1|RAM:RAM_0|memory~4408                    ; rtl~6               ; yes                    ;
; FPGA4U:inst1|RAM:RAM_0|memory~5944                    ; rtl~7               ; yes                    ;
; FPGA4U:inst1|RAM:RAM_0|memory~4888                    ; rtl~8               ; yes                    ;
; FPGA4U:inst1|RAM:RAM_0|memory~5400                    ; rtl~9               ; yes                    ;
; FPGA4U:inst1|RAM:RAM_0|memory~4376                    ; rtl~10              ; yes                    ;
; FPGA4U:inst1|RAM:RAM_0|memory~5912                    ; rtl~11              ; yes                    ;
; FPGA4U:inst1|RAM:RAM_0|memory~5496                    ; rtl~12              ; yes                    ;
; FPGA4U:inst1|RAM:RAM_0|memory~4984                    ; rtl~13              ; yes                    ;
; FPGA4U:inst1|RAM:RAM_0|memory~4472                    ; rtl~14              ; yes                    ;
; FPGA4U:inst1|RAM:RAM_0|memory~6008                    ; rtl~15              ; yes                    ;
; FPGA4U:inst1|RAM:RAM_0|memory~5336                    ; rtl~16              ; yes                    ;
; FPGA4U:inst1|RAM:RAM_0|memory~5304                    ; rtl~17              ; yes                    ;
; FPGA4U:inst1|RAM:RAM_0|memory~5272                    ; rtl~18              ; yes                    ;
; FPGA4U:inst1|RAM:RAM_0|memory~5368                    ; rtl~19              ; yes                    ;
; FPGA4U:inst1|RAM:RAM_0|memory~4792                    ; rtl~20              ; yes                    ;
; FPGA4U:inst1|RAM:RAM_0|memory~4824                    ; rtl~21              ; yes                    ;
; FPGA4U:inst1|RAM:RAM_0|memory~4760                    ; rtl~22              ; yes                    ;
; FPGA4U:inst1|RAM:RAM_0|memory~4856                    ; rtl~23              ; yes                    ;
; FPGA4U:inst1|RAM:RAM_0|memory~4312                    ; rtl~24              ; yes                    ;
; FPGA4U:inst1|RAM:RAM_0|memory~4280                    ; rtl~25              ; yes                    ;
; FPGA4U:inst1|RAM:RAM_0|memory~4248                    ; rtl~26              ; yes                    ;
; FPGA4U:inst1|RAM:RAM_0|memory~4344                    ; rtl~27              ; yes                    ;
; FPGA4U:inst1|RAM:RAM_0|memory~5816                    ; rtl~28              ; yes                    ;
; FPGA4U:inst1|RAM:RAM_0|memory~5848                    ; rtl~29              ; yes                    ;
; FPGA4U:inst1|RAM:RAM_0|memory~5784                    ; rtl~30              ; yes                    ;
; FPGA4U:inst1|RAM:RAM_0|memory~5880                    ; rtl~31              ; yes                    ;
; FPGA4U:inst1|RAM:RAM_0|memory~4664                    ; rtl~32              ; yes                    ;
; FPGA4U:inst1|RAM:RAM_0|memory~5176                    ; rtl~33              ; yes                    ;
; FPGA4U:inst1|RAM:RAM_0|memory~4152                    ; rtl~34              ; yes                    ;
; FPGA4U:inst1|RAM:RAM_0|memory~5688                    ; rtl~35              ; yes                    ;
; FPGA4U:inst1|RAM:RAM_0|memory~5208                    ; rtl~36              ; yes                    ;
; FPGA4U:inst1|RAM:RAM_0|memory~4696                    ; rtl~37              ; yes                    ;
; FPGA4U:inst1|RAM:RAM_0|memory~4184                    ; rtl~38              ; yes                    ;
; FPGA4U:inst1|RAM:RAM_0|memory~5720                    ; rtl~39              ; yes                    ;
; FPGA4U:inst1|RAM:RAM_0|memory~5144                    ; rtl~40              ; yes                    ;
; FPGA4U:inst1|RAM:RAM_0|memory~4632                    ; rtl~41              ; yes                    ;
; FPGA4U:inst1|RAM:RAM_0|memory~4120                    ; rtl~42              ; yes                    ;
; FPGA4U:inst1|RAM:RAM_0|memory~5656                    ; rtl~43              ; yes                    ;
; FPGA4U:inst1|RAM:RAM_0|memory~4728                    ; rtl~44              ; yes                    ;
; FPGA4U:inst1|RAM:RAM_0|memory~5240                    ; rtl~45              ; yes                    ;
; FPGA4U:inst1|RAM:RAM_0|memory~4216                    ; rtl~46              ; yes                    ;
; FPGA4U:inst1|RAM:RAM_0|memory~5752                    ; rtl~47              ; yes                    ;
; FPGA4U:inst1|RAM:RAM_0|memory~5080                    ; rtl~48              ; yes                    ;
; FPGA4U:inst1|RAM:RAM_0|memory~5048                    ; rtl~49              ; yes                    ;
; FPGA4U:inst1|RAM:RAM_0|memory~5016                    ; rtl~50              ; yes                    ;
; FPGA4U:inst1|RAM:RAM_0|memory~5112                    ; rtl~51              ; yes                    ;
; FPGA4U:inst1|RAM:RAM_0|memory~5560                    ; rtl~52              ; yes                    ;
; FPGA4U:inst1|RAM:RAM_0|memory~5592                    ; rtl~53              ; yes                    ;
; FPGA4U:inst1|RAM:RAM_0|memory~5528                    ; rtl~54              ; yes                    ;
; FPGA4U:inst1|RAM:RAM_0|memory~5624                    ; rtl~55              ; yes                    ;
; FPGA4U:inst1|RAM:RAM_0|memory~4536                    ; rtl~56              ; yes                    ;
; FPGA4U:inst1|RAM:RAM_0|memory~4568                    ; rtl~57              ; yes                    ;
; FPGA4U:inst1|RAM:RAM_0|memory~4504                    ; rtl~58              ; yes                    ;
; FPGA4U:inst1|RAM:RAM_0|memory~4600                    ; rtl~59              ; yes                    ;
; FPGA4U:inst1|RAM:RAM_0|memory~6104                    ; rtl~60              ; yes                    ;
; FPGA4U:inst1|RAM:RAM_0|memory~6072                    ; rtl~61              ; yes                    ;
; FPGA4U:inst1|RAM:RAM_0|memory~6040                    ; rtl~62              ; yes                    ;
; FPGA4U:inst1|RAM:RAM_0|memory~6136                    ; rtl~63              ; yes                    ;
; FPGA4U:inst1|RAM:RAM_0|memory~3416                    ; rtl~64              ; yes                    ;
; FPGA4U:inst1|RAM:RAM_0|memory~2904                    ; rtl~65              ; yes                    ;
; FPGA4U:inst1|RAM:RAM_0|memory~2392                    ; rtl~66              ; yes                    ;
; FPGA4U:inst1|RAM:RAM_0|memory~3928                    ; rtl~67              ; yes                    ;
; FPGA4U:inst1|RAM:RAM_0|memory~2776                    ; rtl~68              ; yes                    ;
; FPGA4U:inst1|RAM:RAM_0|memory~3288                    ; rtl~69              ; yes                    ;
; FPGA4U:inst1|RAM:RAM_0|memory~2264                    ; rtl~70              ; yes                    ;
; FPGA4U:inst1|RAM:RAM_0|memory~3800                    ; rtl~71              ; yes                    ;
; FPGA4U:inst1|RAM:RAM_0|memory~3160                    ; rtl~72              ; yes                    ;
; FPGA4U:inst1|RAM:RAM_0|memory~2648                    ; rtl~73              ; yes                    ;
; FPGA4U:inst1|RAM:RAM_0|memory~2136                    ; rtl~74              ; yes                    ;
; FPGA4U:inst1|RAM:RAM_0|memory~3672                    ; rtl~75              ; yes                    ;
; FPGA4U:inst1|RAM:RAM_0|memory~3032                    ; rtl~76              ; yes                    ;
; FPGA4U:inst1|RAM:RAM_0|memory~3544                    ; rtl~77              ; yes                    ;
; FPGA4U:inst1|RAM:RAM_0|memory~2520                    ; rtl~78              ; yes                    ;
; FPGA4U:inst1|RAM:RAM_0|memory~4056                    ; rtl~79              ; yes                    ;
; FPGA4U:inst1|RAM:RAM_0|memory~2744                    ; rtl~80              ; yes                    ;
; FPGA4U:inst1|RAM:RAM_0|memory~3256                    ; rtl~81              ; yes                    ;
; FPGA4U:inst1|RAM:RAM_0|memory~2232                    ; rtl~82              ; yes                    ;
; FPGA4U:inst1|RAM:RAM_0|memory~3768                    ; rtl~83              ; yes                    ;
; FPGA4U:inst1|RAM:RAM_0|memory~3384                    ; rtl~84              ; yes                    ;
; FPGA4U:inst1|RAM:RAM_0|memory~2872                    ; rtl~85              ; yes                    ;
; FPGA4U:inst1|RAM:RAM_0|memory~2360                    ; rtl~86              ; yes                    ;
; FPGA4U:inst1|RAM:RAM_0|memory~3896                    ; rtl~87              ; yes                    ;
; FPGA4U:inst1|RAM:RAM_0|memory~3128                    ; rtl~88              ; yes                    ;
; FPGA4U:inst1|RAM:RAM_0|memory~2616                    ; rtl~89              ; yes                    ;
; FPGA4U:inst1|RAM:RAM_0|memory~2104                    ; rtl~90              ; yes                    ;
; FPGA4U:inst1|RAM:RAM_0|memory~3640                    ; rtl~91              ; yes                    ;
; FPGA4U:inst1|RAM:RAM_0|memory~3000                    ; rtl~92              ; yes                    ;
; FPGA4U:inst1|RAM:RAM_0|memory~3512                    ; rtl~93              ; yes                    ;
; FPGA4U:inst1|RAM:RAM_0|memory~2488                    ; rtl~94              ; yes                    ;
; FPGA4U:inst1|RAM:RAM_0|memory~4024                    ; rtl~95              ; yes                    ;
; FPGA4U:inst1|RAM:RAM_0|memory~3352                    ; rtl~96              ; yes                    ;
; FPGA4U:inst1|RAM:RAM_0|memory~2840                    ; rtl~97              ; yes                    ;
; FPGA4U:inst1|RAM:RAM_0|memory~2328                    ; rtl~98              ; yes                    ;
; FPGA4U:inst1|RAM:RAM_0|memory~3864                    ; rtl~99              ; yes                    ;
; Number of user-specified and inferred latches = 8192  ;                     ;                        ;
+-------------------------------------------------------+---------------------+------------------------+
Table restricted to first 100 entries. Note: All latches listed above may not be present at the end of synthesis due to various synthesis optimizations.


+--------------------------------------------------------------+
; Registers Removed During Synthesis                           ;
+-----------------------------------------+--------------------+
; Register name                           ; Reason for Removal ;
+-----------------------------------------+--------------------+
; FPGA4U:inst1|controller:inst|address[0] ; Lost fanout        ;
; FPGA4U:inst1|controller:inst|wraddr[0]  ; Lost fanout        ;
; FPGA4U:inst1|controller:inst|rdaddr[0]  ; Lost fanout        ;
; FPGA4U:inst1|controller:inst|address[1] ; Lost fanout        ;
; FPGA4U:inst1|controller:inst|wraddr[1]  ; Lost fanout        ;
; FPGA4U:inst1|controller:inst|rdaddr[1]  ; Lost fanout        ;
; FPGA4U:inst1|LEDs:LEDs_0|reg_read       ; Lost fanout        ;
; Total Number of Removed Registers = 7   ;                    ;
+-----------------------------------------+--------------------+


+------------------------------------------------------------------------------------------------------------------------------------------------+
; Removed Registers Triggering Further Register Optimizations                                                                                    ;
+-----------------------------------------+--------------------+---------------------------------------------------------------------------------+
; Register name                           ; Reason for Removal ; Registers Removed due to This Register                                          ;
+-----------------------------------------+--------------------+---------------------------------------------------------------------------------+
; FPGA4U:inst1|controller:inst|address[0] ; Lost Fanouts       ; FPGA4U:inst1|controller:inst|wraddr[0], FPGA4U:inst1|controller:inst|rdaddr[0], ;
;                                         ;                    ; FPGA4U:inst1|LEDs:LEDs_0|reg_read                                               ;
; FPGA4U:inst1|controller:inst|address[1] ; Lost Fanouts       ; FPGA4U:inst1|controller:inst|wraddr[1], FPGA4U:inst1|controller:inst|rdaddr[1]  ;
+-----------------------------------------+--------------------+---------------------------------------------------------------------------------+


+------------------------------------------------------+
; General Register Statistics                          ;
+----------------------------------------------+-------+
; Statistic                                    ; Value ;
+----------------------------------------------+-------+
; Total registers                              ; 309   ;
; Number of registers using Synchronous Clear  ; 23    ;
; Number of registers using Synchronous Load   ; 44    ;
; Number of registers using Asynchronous Clear ; 185   ;
; Number of registers using Asynchronous Load  ; 0     ;
; Number of registers using Clock Enable       ; 254   ;
; Number of registers using Preset             ; 0     ;
+----------------------------------------------+-------+


+--------------------------------------------------+
; Inverted Register Statistics                     ;
+----------------------------------------+---------+
; Inverted Register                      ; Fan out ;
+----------------------------------------+---------+
; FPGA4U:inst1|LEDs:LEDs_0|duty_cycle[3] ; 2       ;
; FPGA4U:inst1|LEDs:LEDs_0|duty_cycle[2] ; 2       ;
; FPGA4U:inst1|LEDs:LEDs_0|duty_cycle[1] ; 2       ;
; FPGA4U:inst1|LEDs:LEDs_0|duty_cycle[0] ; 2       ;
; rgb_led96:inst4|reg_sel_col[0]         ; 2       ;
; Total number of inverted registers = 5 ;         ;
+----------------------------------------+---------+


+----------------------------------------------------------------------------------+
; Registers Packed Into Inferred Megafunctions                                     ;
+---------------------------------------+-----------------------------------+------+
; Register Name                         ; Megafunction                      ; Type ;
+---------------------------------------+-----------------------------------+------+
; rgb_led96:inst4|reg_gamma_data[0..14] ; rgb_led96:inst4|gamma_table_rtl_0 ; RAM  ;
+---------------------------------------+-----------------------------------+------+


+--------------------------------------------------------------------------------------------------------------------------------------------------------------------+
; Multiplexer Restructuring Statistics (Restructuring Performed)                                                                                                     ;
+--------------------+-----------+---------------+----------------------+------------------------+------------+------------------------------------------------------+
; Multiplexer Inputs ; Bus Width ; Baseline Area ; Area if Restructured ; Saving if Restructured ; Registered ; Example Multiplexer Output                           ;
+--------------------+-----------+---------------+----------------------+------------------------+------------+------------------------------------------------------+
; 3:1                ; 14 bits   ; 28 LEs        ; 14 LEs               ; 14 LEs                 ; Yes        ; |FPGA4U_DE0|FPGA4U:inst1|controller:inst|wraddr[11]  ;
; 4:1                ; 14 bits   ; 28 LEs        ; 28 LEs               ; 0 LEs                  ; Yes        ; |FPGA4U_DE0|FPGA4U:inst1|controller:inst|address[15] ;
; 4:1                ; 14 bits   ; 28 LEs        ; 14 LEs               ; 14 LEs                 ; Yes        ; |FPGA4U_DE0|FPGA4U:inst1|controller:inst|rdaddr[13]  ;
; 4:1                ; 14 bits   ; 28 LEs        ; 0 LEs                ; 28 LEs                 ; Yes        ; |FPGA4U_DE0|FPGA4U:inst1|controller:inst|ROMaddr[12] ;
; 5:1                ; 16 bits   ; 48 LEs        ; 16 LEs               ; 32 LEs                 ; Yes        ; |FPGA4U_DE0|FPGA4U:inst1|controller:inst|length[13]  ;
; 3:1                ; 8 bits    ; 16 LEs        ; 8 LEs                ; 8 LEs                  ; No         ; |FPGA4U_DE0|rgb_led96:inst4|LED_Sel_B[0]             ;
; 3:1                ; 8 bits    ; 16 LEs        ; 8 LEs                ; 8 LEs                  ; No         ; |FPGA4U_DE0|rgb_led96:inst4|LED_Sel_G[5]             ;
; 3:1                ; 8 bits    ; 16 LEs        ; 8 LEs                ; 8 LEs                  ; No         ; |FPGA4U_DE0|rgb_led96:inst4|LED_Sel_R[0]             ;
; 6:1                ; 24 bits   ; 96 LEs        ; 72 LEs               ; 24 LEs                 ; No         ; |FPGA4U_DE0|FPGA4U:inst1|rddata[16]                  ;
; 6:1                ; 8 bits    ; 32 LEs        ; 32 LEs               ; 0 LEs                  ; No         ; |FPGA4U_DE0|FPGA4U:inst1|rddata[0]                   ;
; 6:1                ; 2 bits    ; 8 LEs         ; 4 LEs                ; 4 LEs                  ; No         ; |FPGA4U_DE0|rgb_led96:inst4|Selector3                ;
; 24:1               ; 8 bits    ; 128 LEs       ; 112 LEs              ; 16 LEs                 ; No         ; |FPGA4U_DE0|rgb_led96:inst4|Mux7                     ;
+--------------------+-----------+---------------+----------------------+------------------------+------------+------------------------------------------------------+


+------------------------------------------------------------------------------------------------------------------------------------+
; Source assignments for FPGA4U:inst1|ROM:ROM_0|ROM_Block:rom_block_0|altsyncram:altsyncram_component|altsyncram_rna1:auto_generated ;
+---------------------------------+--------------------+------+----------------------------------------------------------------------+
; Assignment                      ; Value              ; From ; To                                                                   ;
+---------------------------------+--------------------+------+----------------------------------------------------------------------+
; OPTIMIZE_POWER_DURING_SYNTHESIS ; NORMAL_COMPILATION ; -    ; -                                                                    ;
+---------------------------------+--------------------+------+----------------------------------------------------------------------+


+----------------------------------------------------------------------------------------------------+
; Source assignments for rgb_led96:inst4|altsyncram:gamma_table_rtl_0|altsyncram_8871:auto_generated ;
+---------------------------------+--------------------+------+--------------------------------------+
; Assignment                      ; Value              ; From ; To                                   ;
+---------------------------------+--------------------+------+--------------------------------------+
; OPTIMIZE_POWER_DURING_SYNTHESIS ; NORMAL_COMPILATION ; -    ; -                                    ;
+---------------------------------+--------------------+------+--------------------------------------+


+--------------------------------------------------------------+
; Parameter Settings for User Entity Instance: rgb_led96:inst4 ;
+----------------+----------+----------------------------------+
; Parameter Name ; Value    ; Type                             ;
+----------------+----------+----------------------------------+
; CLK_FREQ       ; 50000000 ; Signed Integer                   ;
; FRAME_RATE     ; 100      ; Signed Integer                   ;
; default_color  ; 00FFFF   ; Unsigned Hexadecimal             ;
+----------------+----------+----------------------------------+
Note: In order to hide this table in the UI and the text report file, please set the "Show Parameter Settings in Synthesis Report" option in "Analysis and Synthesis Settings -> More Settings" to "Off".


+---------------------------------------------------------------------------------------------------------------------------+
; Parameter Settings for User Entity Instance: FPGA4U:inst1|ROM:ROM_0|ROM_Block:rom_block_0|altsyncram:altsyncram_component ;
+------------------------------------+----------------------+---------------------------------------------------------------+
; Parameter Name                     ; Value                ; Type                                                          ;
+------------------------------------+----------------------+---------------------------------------------------------------+
; BYTE_SIZE_BLOCK                    ; 8                    ; Untyped                                                       ;
; AUTO_CARRY_CHAINS                  ; ON                   ; AUTO_CARRY                                                    ;
; IGNORE_CARRY_BUFFERS               ; OFF                  ; IGNORE_CARRY                                                  ;
; AUTO_CASCADE_CHAINS                ; ON                   ; AUTO_CASCADE                                                  ;
; IGNORE_CASCADE_BUFFERS             ; OFF                  ; IGNORE_CASCADE                                                ;
; WIDTH_BYTEENA                      ; 1                    ; Untyped                                                       ;
; OPERATION_MODE                     ; ROM                  ; Untyped                                                       ;
; WIDTH_A                            ; 32                   ; Signed Integer                                                ;
; WIDTHAD_A                          ; 10                   ; Signed Integer                                                ;
; NUMWORDS_A                         ; 1024                 ; Signed Integer                                                ;
; OUTDATA_REG_A                      ; UNREGISTERED         ; Untyped                                                       ;
; ADDRESS_ACLR_A                     ; NONE                 ; Untyped                                                       ;
; OUTDATA_ACLR_A                     ; NONE                 ; Untyped                                                       ;
; WRCONTROL_ACLR_A                   ; NONE                 ; Untyped                                                       ;
; INDATA_ACLR_A                      ; NONE                 ; Untyped                                                       ;
; BYTEENA_ACLR_A                     ; NONE                 ; Untyped                                                       ;
; WIDTH_B                            ; 1                    ; Untyped                                                       ;
; WIDTHAD_B                          ; 1                    ; Untyped                                                       ;
; NUMWORDS_B                         ; 1                    ; Untyped                                                       ;
; INDATA_REG_B                       ; CLOCK1               ; Untyped                                                       ;
; WRCONTROL_WRADDRESS_REG_B          ; CLOCK1               ; Untyped                                                       ;
; RDCONTROL_REG_B                    ; CLOCK1               ; Untyped                                                       ;
; ADDRESS_REG_B                      ; CLOCK1               ; Untyped                                                       ;
; OUTDATA_REG_B                      ; UNREGISTERED         ; Untyped                                                       ;
; BYTEENA_REG_B                      ; CLOCK1               ; Untyped                                                       ;
; INDATA_ACLR_B                      ; NONE                 ; Untyped                                                       ;
; WRCONTROL_ACLR_B                   ; NONE                 ; Untyped                                                       ;
; ADDRESS_ACLR_B                     ; NONE                 ; Untyped                                                       ;
; OUTDATA_ACLR_B                     ; NONE                 ; Untyped                                                       ;
; RDCONTROL_ACLR_B                   ; NONE                 ; Untyped                                                       ;
; BYTEENA_ACLR_B                     ; NONE                 ; Untyped                                                       ;
; WIDTH_BYTEENA_A                    ; 1                    ; Signed Integer                                                ;
; WIDTH_BYTEENA_B                    ; 1                    ; Untyped                                                       ;
; RAM_BLOCK_TYPE                     ; AUTO                 ; Untyped                                                       ;
; BYTE_SIZE                          ; 8                    ; Untyped                                                       ;
; READ_DURING_WRITE_MODE_MIXED_PORTS ; DONT_CARE            ; Untyped                                                       ;
; READ_DURING_WRITE_MODE_PORT_A      ; NEW_DATA_NO_NBE_READ ; Untyped                                                       ;
; READ_DURING_WRITE_MODE_PORT_B      ; NEW_DATA_NO_NBE_READ ; Untyped                                                       ;
; INIT_FILE                          ; ../quartus/ROM.hex   ; Untyped                                                       ;
; INIT_FILE_LAYOUT                   ; PORT_A               ; Untyped                                                       ;
; MAXIMUM_DEPTH                      ; 0                    ; Untyped                                                       ;
; CLOCK_ENABLE_INPUT_A               ; BYPASS               ; Untyped                                                       ;
; CLOCK_ENABLE_INPUT_B               ; NORMAL               ; Untyped                                                       ;
; CLOCK_ENABLE_OUTPUT_A              ; BYPASS               ; Untyped                                                       ;
; CLOCK_ENABLE_OUTPUT_B              ; NORMAL               ; Untyped                                                       ;
; CLOCK_ENABLE_CORE_A                ; USE_INPUT_CLKEN      ; Untyped                                                       ;
; CLOCK_ENABLE_CORE_B                ; USE_INPUT_CLKEN      ; Untyped                                                       ;
; ENABLE_ECC                         ; FALSE                ; Untyped                                                       ;
; ECC_PIPELINE_STAGE_ENABLED         ; FALSE                ; Untyped                                                       ;
; WIDTH_ECCSTATUS                    ; 3                    ; Untyped                                                       ;
; DEVICE_FAMILY                      ; Cyclone IV E         ; Untyped                                                       ;
; CBXI_PARAMETER                     ; altsyncram_rna1      ; Untyped                                                       ;
+------------------------------------+----------------------+---------------------------------------------------------------+
Note: In order to hide this table in the UI and the text report file, please set the "Show Parameter Settings in Synthesis Report" option in "Analysis and Synthesis Settings -> More Settings" to "Off".


+-----------------------------------------------------------------------------------------------------+
; Parameter Settings for Inferred Entity Instance: rgb_led96:inst4|altsyncram:gamma_table_rtl_0       ;
+------------------------------------+-----------------------------------------------+----------------+
; Parameter Name                     ; Value                                         ; Type           ;
+------------------------------------+-----------------------------------------------+----------------+
; BYTE_SIZE_BLOCK                    ; 8                                             ; Untyped        ;
; AUTO_CARRY_CHAINS                  ; ON                                            ; AUTO_CARRY     ;
; IGNORE_CARRY_BUFFERS               ; OFF                                           ; IGNORE_CARRY   ;
; AUTO_CASCADE_CHAINS                ; ON                                            ; AUTO_CASCADE   ;
; IGNORE_CASCADE_BUFFERS             ; OFF                                           ; IGNORE_CASCADE ;
; WIDTH_BYTEENA                      ; 1                                             ; Untyped        ;
; OPERATION_MODE                     ; ROM                                           ; Untyped        ;
; WIDTH_A                            ; 16                                            ; Untyped        ;
; WIDTHAD_A                          ; 8                                             ; Untyped        ;
; NUMWORDS_A                         ; 256                                           ; Untyped        ;
; OUTDATA_REG_A                      ; UNREGISTERED                                  ; Untyped        ;
; ADDRESS_ACLR_A                     ; NONE                                          ; Untyped        ;
; OUTDATA_ACLR_A                     ; NONE                                          ; Untyped        ;
; WRCONTROL_ACLR_A                   ; NONE                                          ; Untyped        ;
; INDATA_ACLR_A                      ; NONE                                          ; Untyped        ;
; BYTEENA_ACLR_A                     ; NONE                                          ; Untyped        ;
; WIDTH_B                            ; 1                                             ; Untyped        ;
; WIDTHAD_B                          ; 1                                             ; Untyped        ;
; NUMWORDS_B                         ; 1                                             ; Untyped        ;
; INDATA_REG_B                       ; CLOCK1                                        ; Untyped        ;
; WRCONTROL_WRADDRESS_REG_B          ; CLOCK1                                        ; Untyped        ;
; RDCONTROL_REG_B                    ; CLOCK1                                        ; Untyped        ;
; ADDRESS_REG_B                      ; CLOCK1                                        ; Untyped        ;
; OUTDATA_REG_B                      ; UNREGISTERED                                  ; Untyped        ;
; BYTEENA_REG_B                      ; CLOCK1                                        ; Untyped        ;
; INDATA_ACLR_B                      ; NONE                                          ; Untyped        ;
; WRCONTROL_ACLR_B                   ; NONE                                          ; Untyped        ;
; ADDRESS_ACLR_B                     ; NONE                                          ; Untyped        ;
; OUTDATA_ACLR_B                     ; NONE                                          ; Untyped        ;
; RDCONTROL_ACLR_B                   ; NONE                                          ; Untyped        ;
; BYTEENA_ACLR_B                     ; NONE                                          ; Untyped        ;
; WIDTH_BYTEENA_A                    ; 1                                             ; Untyped        ;
; WIDTH_BYTEENA_B                    ; 1                                             ; Untyped        ;
; RAM_BLOCK_TYPE                     ; AUTO                                          ; Untyped        ;
; BYTE_SIZE                          ; 8                                             ; Untyped        ;
; READ_DURING_WRITE_MODE_MIXED_PORTS ; DONT_CARE                                     ; Untyped        ;
; READ_DURING_WRITE_MODE_PORT_A      ; NEW_DATA_NO_NBE_READ                          ; Untyped        ;
; READ_DURING_WRITE_MODE_PORT_B      ; NEW_DATA_NO_NBE_READ                          ; Untyped        ;
; INIT_FILE                          ; db/FPGA4U_DE0.ram0_rgb_led96_6e55db65.hdl.mif ; Untyped        ;
; INIT_FILE_LAYOUT                   ; PORT_A                                        ; Untyped        ;
; MAXIMUM_DEPTH                      ; 0                                             ; Untyped        ;
; CLOCK_ENABLE_INPUT_A               ; NORMAL                                        ; Untyped        ;
; CLOCK_ENABLE_INPUT_B               ; NORMAL                                        ; Untyped        ;
; CLOCK_ENABLE_OUTPUT_A              ; NORMAL                                        ; Untyped        ;
; CLOCK_ENABLE_OUTPUT_B              ; NORMAL                                        ; Untyped        ;
; CLOCK_ENABLE_CORE_A                ; USE_INPUT_CLKEN                               ; Untyped        ;
; CLOCK_ENABLE_CORE_B                ; USE_INPUT_CLKEN                               ; Untyped        ;
; ENABLE_ECC                         ; FALSE                                         ; Untyped        ;
; ECC_PIPELINE_STAGE_ENABLED         ; FALSE                                         ; Untyped        ;
; WIDTH_ECCSTATUS                    ; 3                                             ; Untyped        ;
; DEVICE_FAMILY                      ; Cyclone IV E                                  ; Untyped        ;
; CBXI_PARAMETER                     ; altsyncram_8871                               ; Untyped        ;
+------------------------------------+-----------------------------------------------+----------------+
Note: In order to hide this table in the UI and the text report file, please set the "Show Parameter Settings in Synthesis Report" option in "Analysis and Synthesis Settings -> More Settings" to "Off".


+--------------------------------------------------------------------------------------------------------------------------+
; altsyncram Parameter Settings by Entity Instance                                                                         ;
+-------------------------------------------+------------------------------------------------------------------------------+
; Name                                      ; Value                                                                        ;
+-------------------------------------------+------------------------------------------------------------------------------+
; Number of entity instances                ; 2                                                                            ;
; Entity Instance                           ; FPGA4U:inst1|ROM:ROM_0|ROM_Block:rom_block_0|altsyncram:altsyncram_component ;
;     -- OPERATION_MODE                     ; ROM                                                                          ;
;     -- WIDTH_A                            ; 32                                                                           ;
;     -- NUMWORDS_A                         ; 1024                                                                         ;
;     -- OUTDATA_REG_A                      ; UNREGISTERED                                                                 ;
;     -- WIDTH_B                            ; 1                                                                            ;
;     -- NUMWORDS_B                         ; 1                                                                            ;
;     -- ADDRESS_REG_B                      ; CLOCK1                                                                       ;
;     -- OUTDATA_REG_B                      ; UNREGISTERED                                                                 ;
;     -- RAM_BLOCK_TYPE                     ; AUTO                                                                         ;
;     -- READ_DURING_WRITE_MODE_MIXED_PORTS ; DONT_CARE                                                                    ;
; Entity Instance                           ; rgb_led96:inst4|altsyncram:gamma_table_rtl_0                                 ;
;     -- OPERATION_MODE                     ; ROM                                                                          ;
;     -- WIDTH_A                            ; 16                                                                           ;
;     -- NUMWORDS_A                         ; 256                                                                          ;
;     -- OUTDATA_REG_A                      ; UNREGISTERED                                                                 ;
;     -- WIDTH_B                            ; 1                                                                            ;
;     -- NUMWORDS_B                         ; 1                                                                            ;
;     -- ADDRESS_REG_B                      ; CLOCK1                                                                       ;
;     -- OUTDATA_REG_B                      ; UNREGISTERED                                                                 ;
;     -- RAM_BLOCK_TYPE                     ; AUTO                                                                         ;
;     -- READ_DURING_WRITE_MODE_MIXED_PORTS ; DONT_CARE                                                                    ;
+-------------------------------------------+------------------------------------------------------------------------------+


+-------------------------------+
; Elapsed Time Per Partition    ;
+----------------+--------------+
; Partition Name ; Elapsed Time ;
+----------------+--------------+
; Top            ; 00:00:38     ;
+----------------+--------------+


+-------------------------------+
; Analysis & Synthesis Messages ;
+-------------------------------+
Info: *******************************************************************
Info: Running Quartus II 64-Bit Analysis & Synthesis
    Info: Version 13.0.1 Build 232 06/12/2013 Service Pack 1 SJ Web Edition
    Info: Processing started: Wed Oct 16 21:54:33 2013
Info: Command: quartus_map --read_settings_files=on --write_settings_files=off FPGA4U_DE0 -c FPGA4U_DE0
Warning (20028): Parallel compilation is not licensed and has been disabled
Info (12021): Found 1 design units, including 1 entities, in source file fpga4u_de0.bdf
    Info (12023): Found entity 1: FPGA4U_DE0
Info (12021): Found 1 design units, including 1 entities, in source file fpga4u.bdf
    Info (12023): Found entity 1: FPGA4U
Info (12021): Found 4 design units, including 1 entities, in source file rgb_led96.vhd
    Info (12022): Found design unit 1: pack
    Info (12022): Found design unit 2: pack-body
    Info (12022): Found design unit 3: rgb_led96-arch
    Info (12023): Found entity 1: rgb_led96
Info (12021): Found 2 design units, including 1 entities, in source file /ba3/archord/4_memories/vhdl/controller.vhd
    Info (12022): Found design unit 1: controller-synth
    Info (12023): Found entity 1: controller
Info (12021): Found 2 design units, including 1 entities, in source file /ba3/archord/4_memories/vhdl/decoder.vhd
    Info (12022): Found design unit 1: decoder-synth
    Info (12023): Found entity 1: decoder
Info (12021): Found 2 design units, including 1 entities, in source file /ba3/archord/4_memories/vhdl/leds.vhd
    Info (12022): Found design unit 1: LEDs-synth
    Info (12023): Found entity 1: LEDs
Info (12021): Found 2 design units, including 1 entities, in source file /ba3/archord/4_memories/vhdl/ram.vhd
    Info (12022): Found design unit 1: RAM-synth
    Info (12023): Found entity 1: RAM
Info (12021): Found 2 design units, including 1 entities, in source file /ba3/archord/4_memories/vhdl/register_file.vhd
    Info (12022): Found design unit 1: register_file-synth
    Info (12023): Found entity 1: register_file
Info (12021): Found 2 design units, including 1 entities, in source file /ba3/archord/4_memories/vhdl/rom.vhd
    Info (12022): Found design unit 1: ROM-synth
    Info (12023): Found entity 1: ROM
Info (12021): Found 2 design units, including 1 entities, in source file /ba3/archord/4_memories/vhdl/rom_block.vhd
    Info (12022): Found design unit 1: rom_block-SYN
    Info (12023): Found entity 1: ROM_Block
Info (12127): Elaborating entity "FPGA4U_DE0" for the top level hierarchy
Warning (275008): Primitive "GND" of instance "gnd_system" not used
Warning (275008): Primitive "VCC" of instance "vcc_system" not used
Info (12128): Elaborating entity "rgb_led96" for hierarchy "rgb_led96:inst4"
Info (12128): Elaborating entity "FPGA4U" for hierarchy "FPGA4U:inst1"
Info (12128): Elaborating entity "LEDs" for hierarchy "FPGA4U:inst1|LEDs:LEDs_0"
Info (12128): Elaborating entity "decoder" for hierarchy "FPGA4U:inst1|decoder:inst1"
Info (12128): Elaborating entity "controller" for hierarchy "FPGA4U:inst1|controller:inst"
Warning (10631): VHDL Process Statement warning at Controller.vhd(28): inferring latch(es) for signal or variable "ROMaddr", which holds its previous value in one or more paths through the process
Info (10041): Inferred latch for "ROMaddr[0]" at Controller.vhd(28)
Info (10041): Inferred latch for "ROMaddr[1]" at Controller.vhd(28)
Info (12128): Elaborating entity "ROM" for hierarchy "FPGA4U:inst1|ROM:ROM_0"
Info (12128): Elaborating entity "ROM_Block" for hierarchy "FPGA4U:inst1|ROM:ROM_0|ROM_Block:rom_block_0"
Info (12128): Elaborating entity "altsyncram" for hierarchy "FPGA4U:inst1|ROM:ROM_0|ROM_Block:rom_block_0|altsyncram:altsyncram_component"
Info (12130): Elaborated megafunction instantiation "FPGA4U:inst1|ROM:ROM_0|ROM_Block:rom_block_0|altsyncram:altsyncram_component"
Info (12133): Instantiated megafunction "FPGA4U:inst1|ROM:ROM_0|ROM_Block:rom_block_0|altsyncram:altsyncram_component" with the following parameter:
    Info (12134): Parameter "address_aclr_a" = "NONE"
    Info (12134): Parameter "clock_enable_input_a" = "BYPASS"
    Info (12134): Parameter "clock_enable_output_a" = "BYPASS"
    Info (12134): Parameter "init_file" = "../quartus/ROM.hex"
    Info (12134): Parameter "intended_device_family" = "Cyclone IV E"
    Info (12134): Parameter "lpm_hint" = "ENABLE_RUNTIME_MOD=NO"
    Info (12134): Parameter "lpm_type" = "altsyncram"
    Info (12134): Parameter "numwords_a" = "1024"
    Info (12134): Parameter "operation_mode" = "ROM"
    Info (12134): Parameter "outdata_aclr_a" = "NONE"
    Info (12134): Parameter "outdata_reg_a" = "UNREGISTERED"
    Info (12134): Parameter "widthad_a" = "10"
    Info (12134): Parameter "width_a" = "32"
    Info (12134): Parameter "width_byteena_a" = "1"
Info (12021): Found 1 design units, including 1 entities, in source file db/altsyncram_rna1.tdf
    Info (12023): Found entity 1: altsyncram_rna1
Info (12128): Elaborating entity "altsyncram_rna1" for hierarchy "FPGA4U:inst1|ROM:ROM_0|ROM_Block:rom_block_0|altsyncram:altsyncram_component|altsyncram_rna1:auto_generated"
Info (12128): Elaborating entity "RAM" for hierarchy "FPGA4U:inst1|RAM:RAM_0"
Warning (10492): VHDL Process Statement warning at RAM.vhd(38): signal "memory" is read inside the Process Statement but isn't in the Process Statement's sensitivity list
Warning (10492): VHDL Process Statement warning at RAM.vhd(38): signal "address" is read inside the Process Statement but isn't in the Process Statement's sensitivity list
Warning (10492): VHDL Process Statement warning at RAM.vhd(40): signal "wrdata" is read inside the Process Statement but isn't in the Process Statement's sensitivity list
Warning (10492): VHDL Process Statement warning at RAM.vhd(40): signal "address" is read inside the Process Statement but isn't in the Process Statement's sensitivity list
Warning (13046): Tri-state node(s) do not directly drive top-level pin(s)
    Warning (13048): Converted tri-state node "FPGA4U:inst1|rddata[31]" into a selector
    Warning (13048): Converted tri-state node "FPGA4U:inst1|rddata[30]" into a selector
    Warning (13048): Converted tri-state node "FPGA4U:inst1|rddata[29]" into a selector
    Warning (13048): Converted tri-state node "FPGA4U:inst1|rddata[28]" into a selector
    Warning (13048): Converted tri-state node "FPGA4U:inst1|rddata[27]" into a selector
    Warning (13048): Converted tri-state node "FPGA4U:inst1|rddata[26]" into a selector
    Warning (13048): Converted tri-state node "FPGA4U:inst1|rddata[25]" into a selector
    Warning (13048): Converted tri-state node "FPGA4U:inst1|rddata[24]" into a selector
    Warning (13048): Converted tri-state node "FPGA4U:inst1|rddata[23]" into a selector
    Warning (13048): Converted tri-state node "FPGA4U:inst1|rddata[22]" into a selector
    Warning (13048): Converted tri-state node "FPGA4U:inst1|rddata[21]" into a selector
    Warning (13048): Converted tri-state node "FPGA4U:inst1|rddata[20]" into a selector
    Warning (13048): Converted tri-state node "FPGA4U:inst1|rddata[19]" into a selector
    Warning (13048): Converted tri-state node "FPGA4U:inst1|rddata[18]" into a selector
    Warning (13048): Converted tri-state node "FPGA4U:inst1|rddata[17]" into a selector
    Warning (13048): Converted tri-state node "FPGA4U:inst1|rddata[16]" into a selector
    Warning (13048): Converted tri-state node "FPGA4U:inst1|rddata[15]" into a selector
    Warning (13048): Converted tri-state node "FPGA4U:inst1|rddata[14]" into a selector
    Warning (13048): Converted tri-state node "FPGA4U:inst1|rddata[13]" into a selector
    Warning (13048): Converted tri-state node "FPGA4U:inst1|rddata[12]" into a selector
    Warning (13048): Converted tri-state node "FPGA4U:inst1|rddata[11]" into a selector
    Warning (13048): Converted tri-state node "FPGA4U:inst1|rddata[10]" into a selector
    Warning (13048): Converted tri-state node "FPGA4U:inst1|rddata[9]" into a selector
    Warning (13048): Converted tri-state node "FPGA4U:inst1|rddata[8]" into a selector
    Warning (13048): Converted tri-state node "FPGA4U:inst1|rddata[7]" into a selector
    Warning (13048): Converted tri-state node "FPGA4U:inst1|rddata[6]" into a selector
    Warning (13048): Converted tri-state node "FPGA4U:inst1|rddata[5]" into a selector
    Warning (13048): Converted tri-state node "FPGA4U:inst1|rddata[4]" into a selector
    Warning (13048): Converted tri-state node "FPGA4U:inst1|rddata[3]" into a selector
    Warning (13048): Converted tri-state node "FPGA4U:inst1|rddata[2]" into a selector
    Warning (13048): Converted tri-state node "FPGA4U:inst1|rddata[1]" into a selector
    Warning (13048): Converted tri-state node "FPGA4U:inst1|rddata[0]" into a selector
Info (19000): Inferred 1 megafunctions from design logic
    Info (276029): Inferred altsyncram megafunction from the following design logic: "rgb_led96:inst4|gamma_table_rtl_0" 
        Info (286033): Parameter OPERATION_MODE set to ROM
        Info (286033): Parameter WIDTH_A set to 16
        Info (286033): Parameter WIDTHAD_A set to 8
        Info (286033): Parameter NUMWORDS_A set to 256
        Info (286033): Parameter OUTDATA_REG_A set to UNREGISTERED
        Info (286033): Parameter ADDRESS_ACLR_A set to NONE
        Info (286033): Parameter OUTDATA_ACLR_A set to NONE
        Info (286033): Parameter INDATA_ACLR_A set to NONE
        Info (286033): Parameter WRCONTROL_ACLR_A set to NONE
        Info (286033): Parameter INIT_FILE set to db/FPGA4U_DE0.ram0_rgb_led96_6e55db65.hdl.mif
Info (12130): Elaborated megafunction instantiation "rgb_led96:inst4|altsyncram:gamma_table_rtl_0"
Info (12133): Instantiated megafunction "rgb_led96:inst4|altsyncram:gamma_table_rtl_0" with the following parameter:
    Info (12134): Parameter "OPERATION_MODE" = "ROM"
    Info (12134): Parameter "WIDTH_A" = "16"
    Info (12134): Parameter "WIDTHAD_A" = "8"
    Info (12134): Parameter "NUMWORDS_A" = "256"
    Info (12134): Parameter "OUTDATA_REG_A" = "UNREGISTERED"
    Info (12134): Parameter "ADDRESS_ACLR_A" = "NONE"
    Info (12134): Parameter "OUTDATA_ACLR_A" = "NONE"
    Info (12134): Parameter "INDATA_ACLR_A" = "NONE"
    Info (12134): Parameter "WRCONTROL_ACLR_A" = "NONE"
    Info (12134): Parameter "INIT_FILE" = "db/FPGA4U_DE0.ram0_rgb_led96_6e55db65.hdl.mif"
Info (12021): Found 1 design units, including 1 entities, in source file db/altsyncram_8871.tdf
    Info (12023): Found entity 1: altsyncram_8871
Warning (14284): Synthesized away the following node(s):
    Warning (14285): Synthesized away the following RAM node(s):
        Warning (14320): Synthesized away node "rgb_led96:inst4|altsyncram:gamma_table_rtl_0|altsyncram_8871:auto_generated|ram_block1a15"
Info (13000): Registers with preset signals will power-up high
Info (13003): DEV_CLRn pin will set, and not reset, register with preset signal due to NOT Gate Push-Back
Info (286030): Timing-Driven Synthesis is running
Info (17049): 7 registers lost all their fanouts during netlist optimizations.
Info (16010): Generating hard_block partition "hard_block:auto_generated_inst"
    Info (16011): Adding 0 node(s), including 0 DDIO, 0 PLL, 0 transceiver and 0 LCELL
Info (21057): Implemented 14704 device resources after synthesis - the final resource count might be different
    Info (21058): Implemented 6 input pins
    Info (21059): Implemented 41 output pins
    Info (21061): Implemented 14610 logic cells
    Info (21064): Implemented 47 RAM segments
Info: Quartus II 64-Bit Analysis & Synthesis was successful. 0 errors, 44 warnings
    Info: Peak virtual memory: 513 megabytes
    Info: Processing ended: Wed Oct 16 21:55:50 2013
    Info: Elapsed time: 00:01:17
    Info: Total CPU time (on all processors): 00:00:41


