Analysis & Synthesis report for Multiplier_8bits
Wed Oct 02 08:45:02 2013
Quartus II 64-Bit Version 13.0.1 Build 232 06/12/2013 Service Pack 1 SJ Web Edition


---------------------
; Table of Contents ;
---------------------
  1. Legal Notice
  2. Analysis & Synthesis Summary
  3. Analysis & Synthesis Settings
  4. Parallel Compilation
  5. Analysis & Synthesis Source Files Read
  6. Analysis & Synthesis Resource Usage Summary
  7. Analysis & Synthesis Resource Utilization by Entity
  8. State Machine - |Multiplier_8bits|controller:controller_0|state
  9. Registers Removed During Synthesis
 10. General Register Statistics
 11. Inverted Register Statistics
 12. Multiplexer Restructuring Statistics (Restructuring Performed)
 13. Elapsed Time Per Partition
 14. Analysis & Synthesis Messages



----------------
; Legal Notice ;
----------------
Copyright (C) 1991-2013 Altera Corporation
Your use of Altera Corporation's design tools, logic functions 
and other software and tools, and its AMPP partner logic 
functions, and any output files from any of the foregoing 
(including device programming or simulation files), and any 
associated documentation or information are expressly subject 
to the terms and conditions of the Altera Program License 
Subscription Agreement, Altera MegaCore Function License 
Agreement, or other applicable license agreement, including, 
without limitation, that your use is for the sole purpose of 
programming logic devices manufactured by Altera and sold by 
Altera or its authorized distributors.  Please refer to the 
applicable agreement for further details.



+--------------------------------------------------------------------------------------+
; Analysis & Synthesis Summary                                                         ;
+------------------------------------+-------------------------------------------------+
; Analysis & Synthesis Status        ; Successful - Wed Oct 02 08:45:02 2013           ;
; Quartus II 64-Bit Version          ; 13.0.1 Build 232 06/12/2013 SP 1 SJ Web Edition ;
; Revision Name                      ; Multiplier_8bits                                ;
; Top-level Entity Name              ; Multiplier_8bits                                ;
; Family                             ; Cyclone II                                      ;
; Total logic elements               ; 111                                             ;
;     Total combinational functions  ; 101                                             ;
;     Dedicated logic registers      ; 70                                              ;
; Total registers                    ; 70                                              ;
; Total pins                         ; 36                                              ;
; Total virtual pins                 ; 0                                               ;
; Total memory bits                  ; 0                                               ;
; Embedded Multiplier 9-bit elements ; 0                                               ;
; Total PLLs                         ; 0                                               ;
+------------------------------------+-------------------------------------------------+


+----------------------------------------------------------------------------------------------------------------------+
; Analysis & Synthesis Settings                                                                                        ;
+----------------------------------------------------------------------------+--------------------+--------------------+
; Option                                                                     ; Setting            ; Default Value      ;
+----------------------------------------------------------------------------+--------------------+--------------------+
; Device                                                                     ; EP2C20F484C8       ;                    ;
; Top-level entity name                                                      ; Multiplier_8bits   ; Multiplier_8bits   ;
; Family name                                                                ; Cyclone II         ; Cyclone IV GX      ;
; Use smart compilation                                                      ; On                 ; Off                ;
; Enable parallel Assembler and TimeQuest Timing Analyzer during compilation ; On                 ; On                 ;
; Enable compact report table                                                ; Off                ; Off                ;
; Restructure Multiplexers                                                   ; Auto               ; Auto               ;
; Create Debugging Nodes for IP Cores                                        ; Off                ; Off                ;
; Preserve fewer node names                                                  ; On                 ; On                 ;
; Disable OpenCore Plus hardware evaluation                                  ; Off                ; Off                ;
; Verilog Version                                                            ; Verilog_2001       ; Verilog_2001       ;
; VHDL Version                                                               ; VHDL_1993          ; VHDL_1993          ;
; State Machine Processing                                                   ; Auto               ; Auto               ;
; Safe State Machine                                                         ; Off                ; Off                ;
; Extract Verilog State Machines                                             ; On                 ; On                 ;
; Extract VHDL State Machines                                                ; On                 ; On                 ;
; Ignore Verilog initial constructs                                          ; Off                ; Off                ;
; Iteration limit for constant Verilog loops                                 ; 5000               ; 5000               ;
; Iteration limit for non-constant Verilog loops                             ; 250                ; 250                ;
; Add Pass-Through Logic to Inferred RAMs                                    ; On                 ; On                 ;
; Infer RAMs from Raw Logic                                                  ; On                 ; On                 ;
; Parallel Synthesis                                                         ; On                 ; On                 ;
; DSP Block Balancing                                                        ; Auto               ; Auto               ;
; NOT Gate Push-Back                                                         ; On                 ; On                 ;
; Power-Up Don't Care                                                        ; On                 ; On                 ;
; Remove Redundant Logic Cells                                               ; Off                ; Off                ;
; Remove Duplicate Registers                                                 ; On                 ; On                 ;
; Ignore CARRY Buffers                                                       ; Off                ; Off                ;
; Ignore CASCADE Buffers                                                     ; Off                ; Off                ;
; Ignore GLOBAL Buffers                                                      ; Off                ; Off                ;
; Ignore ROW GLOBAL Buffers                                                  ; Off                ; Off                ;
; Ignore LCELL Buffers                                                       ; Off                ; Off                ;
; Ignore SOFT Buffers                                                        ; On                 ; On                 ;
; Limit AHDL Integers to 32 Bits                                             ; Off                ; Off                ;
; Optimization Technique                                                     ; Balanced           ; Balanced           ;
; Carry Chain Length                                                         ; 70                 ; 70                 ;
; Auto Carry Chains                                                          ; On                 ; On                 ;
; Auto Open-Drain Pins                                                       ; On                 ; On                 ;
; Perform WYSIWYG Primitive Resynthesis                                      ; Off                ; Off                ;
; Auto ROM Replacement                                                       ; On                 ; On                 ;
; Auto RAM Replacement                                                       ; On                 ; On                 ;
; Auto Shift Register Replacement                                            ; Auto               ; Auto               ;
; Allow Shift Register Merging across Hierarchies                            ; Auto               ; Auto               ;
; Auto Clock Enable Replacement                                              ; On                 ; On                 ;
; Strict RAM Replacement                                                     ; Off                ; Off                ;
; Allow Synchronous Control Signals                                          ; On                 ; On                 ;
; Force Use of Synchronous Clear Signals                                     ; Off                ; Off                ;
; Auto RAM to Logic Cell Conversion                                          ; Off                ; Off                ;
; Auto Resource Sharing                                                      ; Off                ; Off                ;
; Allow Any RAM Size For Recognition                                         ; Off                ; Off                ;
; Allow Any ROM Size For Recognition                                         ; Off                ; Off                ;
; Allow Any Shift Register Size For Recognition                              ; Off                ; Off                ;
; Use LogicLock Constraints during Resource Balancing                        ; On                 ; On                 ;
; Ignore translate_off and synthesis_off directives                          ; Off                ; Off                ;
; Timing-Driven Synthesis                                                    ; Off                ; Off                ;
; Report Parameter Settings                                                  ; On                 ; On                 ;
; Report Source Assignments                                                  ; On                 ; On                 ;
; Report Connectivity Checks                                                 ; On                 ; On                 ;
; Ignore Maximum Fan-Out Assignments                                         ; Off                ; Off                ;
; Synchronization Register Chain Length                                      ; 2                  ; 2                  ;
; PowerPlay Power Optimization                                               ; Normal compilation ; Normal compilation ;
; HDL message level                                                          ; Level2             ; Level2             ;
; Suppress Register Optimization Related Messages                            ; Off                ; Off                ;
; Number of Removed Registers Reported in Synthesis Report                   ; 5000               ; 5000               ;
; Number of Swept Nodes Reported in Synthesis Report                         ; 5000               ; 5000               ;
; Number of Inverted Registers Reported in Synthesis Report                  ; 100                ; 100                ;
; Clock MUX Protection                                                       ; On                 ; On                 ;
; Auto Gated Clock Conversion                                                ; Off                ; Off                ;
; Block Design Naming                                                        ; Auto               ; Auto               ;
; SDC constraint protection                                                  ; Off                ; Off                ;
; Synthesis Effort                                                           ; Auto               ; Auto               ;
; Shift Register Replacement - Allow Asynchronous Clear Signal               ; On                 ; On                 ;
; Pre-Mapping Resynthesis Optimization                                       ; Off                ; Off                ;
; Analysis & Synthesis Message Level                                         ; Medium             ; Medium             ;
; Disable Register Merging Across Hierarchies                                ; Auto               ; Auto               ;
; Resource Aware Inference For Block RAM                                     ; On                 ; On                 ;
; Synthesis Seed                                                             ; 1                  ; 1                  ;
+----------------------------------------------------------------------------+--------------------+--------------------+


Parallel compilation was disabled, but you have multiple processors available. Enable parallel compilation to reduce compilation time.
+-------------------------------------+
; Parallel Compilation                ;
+----------------------------+--------+
; Processors                 ; Number ;
+----------------------------+--------+
; Number detected on machine ; 2      ;
; Maximum allowed            ; 1      ;
+----------------------------+--------+


+--------------------------------------------------------------------------------------------------------------------------------------------------------------------------------------------------------+
; Analysis & Synthesis Source Files Read                                                                                                                                                                 ;
+----------------------------------+-----------------+------------------------------------+----------------------------------------------------------------------------------------------------+---------+
; File Name with User-Entered Path ; Used in Netlist ; File Type                          ; File Name with Absolute Path                                                                       ; Library ;
+----------------------------------+-----------------+------------------------------------+----------------------------------------------------------------------------------------------------+---------+
; Multiplier_8bits.bdf             ; yes             ; User Block Diagram/Schematic File  ; //vmware-host/Shared Folders/Desktop/ArchOrd-Labos/Lab 1 - Multiplier/quartus/Multiplier_8bits.bdf ;         ;
; ../vhdl/Add.vhd                  ; yes             ; User VHDL File                     ; //vmware-host/Shared Folders/Desktop/ArchOrd-Labos/Lab 1 - Multiplier/vhdl/Add.vhd                 ;         ;
; ../vhdl/And1x8.vhd               ; yes             ; User VHDL File                     ; //vmware-host/Shared Folders/Desktop/ArchOrd-Labos/Lab 1 - Multiplier/vhdl/And1x8.vhd              ;         ;
; ../vhdl/CLK_divider.vhd          ; yes             ; User VHDL File                     ; //vmware-host/Shared Folders/Desktop/ArchOrd-Labos/Lab 1 - Multiplier/vhdl/CLK_divider.vhd         ;         ;
; ../vhdl/Controller.vhd           ; yes             ; User VHDL File                     ; //vmware-host/Shared Folders/Desktop/ArchOrd-Labos/Lab 1 - Multiplier/vhdl/Controller.vhd          ;         ;
; ../vhdl/Multiplicand.vhd         ; yes             ; User VHDL File                     ; //vmware-host/Shared Folders/Desktop/ArchOrd-Labos/Lab 1 - Multiplier/vhdl/Multiplicand.vhd        ;         ;
; ../vhdl/Multiplier.vhd           ; yes             ; User VHDL File                     ; //vmware-host/Shared Folders/Desktop/ArchOrd-Labos/Lab 1 - Multiplier/vhdl/Multiplier.vhd          ;         ;
; ../vhdl/Product.vhd              ; yes             ; User VHDL File                     ; //vmware-host/Shared Folders/Desktop/ArchOrd-Labos/Lab 1 - Multiplier/vhdl/Product.vhd             ;         ;
+----------------------------------+-----------------+------------------------------------+----------------------------------------------------------------------------------------------------+---------+


+-----------------------------------------------------------------------------+
; Analysis & Synthesis Resource Usage Summary                                 ;
+---------------------------------------------+-------------------------------+
; Resource                                    ; Usage                         ;
+---------------------------------------------+-------------------------------+
; Estimated Total logic elements              ; 111                           ;
;                                             ;                               ;
; Total combinational functions               ; 101                           ;
; Logic element usage by number of LUT inputs ;                               ;
;     -- 4 input functions                    ; 27                            ;
;     -- 3 input functions                    ; 38                            ;
;     -- <=2 input functions                  ; 36                            ;
;                                             ;                               ;
; Logic elements by mode                      ;                               ;
;     -- normal mode                          ; 70                            ;
;     -- arithmetic mode                      ; 31                            ;
;                                             ;                               ;
; Total registers                             ; 70                            ;
;     -- Dedicated logic registers            ; 70                            ;
;     -- I/O registers                        ; 0                             ;
;                                             ;                               ;
; I/O pins                                    ; 36                            ;
; Embedded Multiplier 9-bit elements          ; 0                             ;
; Maximum fan-out node                        ; CLK_divider:clk_divider_0|tmp ;
; Maximum fan-out                             ; 46                            ;
; Total fan-out                               ; 504                           ;
; Average fan-out                             ; 2.43                          ;
+---------------------------------------------+-------------------------------+


+-------------------------------------------------------------------------------------------------------------------------------------------------------------------------------------------------------------+
; Analysis & Synthesis Resource Utilization by Entity                                                                                                                                                         ;
+----------------------------------+-------------------+--------------+-------------+--------------+---------+-----------+------+--------------+-----------------------------------------------+--------------+
; Compilation Hierarchy Node       ; LC Combinationals ; LC Registers ; Memory Bits ; DSP Elements ; DSP 9x9 ; DSP 18x18 ; Pins ; Virtual Pins ; Full Hierarchy Name                           ; Library Name ;
+----------------------------------+-------------------+--------------+-------------+--------------+---------+-----------+------+--------------+-----------------------------------------------+--------------+
; |Multiplier_8bits                ; 101 (0)           ; 70 (0)       ; 0           ; 0            ; 0       ; 0         ; 36   ; 0            ; |Multiplier_8bits                             ; work         ;
;    |Add:add_0|                   ; 18 (18)           ; 0 (0)        ; 0           ; 0            ; 0       ; 0         ; 0    ; 0            ; |Multiplier_8bits|Add:add_0                   ; work         ;
;    |CLK_divider:clk_divider_0|   ; 43 (43)           ; 25 (25)      ; 0           ; 0            ; 0       ; 0         ; 0    ; 0            ; |Multiplier_8bits|CLK_divider:clk_divider_0   ; work         ;
;    |and1x8:and_0|                ; 8 (8)             ; 0 (0)        ; 0           ; 0            ; 0       ; 0         ; 0    ; 0            ; |Multiplier_8bits|and1x8:and_0                ; work         ;
;    |controller:controller_0|     ; 14 (14)           ; 12 (12)      ; 0           ; 0            ; 0       ; 0         ; 0    ; 0            ; |Multiplier_8bits|controller:controller_0     ; work         ;
;    |multiplicand:multiplicand_0| ; 0 (0)             ; 8 (8)        ; 0           ; 0            ; 0       ; 0         ; 0    ; 0            ; |Multiplier_8bits|multiplicand:multiplicand_0 ; work         ;
;    |multiplier:multiplier_0|     ; 9 (9)             ; 8 (8)        ; 0           ; 0            ; 0       ; 0         ; 0    ; 0            ; |Multiplier_8bits|multiplier:multiplier_0     ; work         ;
;    |product:product_0|           ; 9 (9)             ; 17 (17)      ; 0           ; 0            ; 0       ; 0         ; 0    ; 0            ; |Multiplier_8bits|product:product_0           ; work         ;
+----------------------------------+-------------------+--------------+-------------+--------------+---------+-----------+------+--------------+-----------------------------------------------+--------------+
Note: For table entries with two numbers listed, the numbers in parentheses indicate the number of resources of the given type used by the specific entity alone. The numbers listed outside of parentheses indicate the total resources of the given type used by the specific entity and all of its sub-entities in the hierarchy.


Encoding Type:  One-Hot
+-----------------------------------------------------------------+
; State Machine - |Multiplier_8bits|controller:controller_0|state ;
+----------+----------+----------+----------+---------------------+
; Name     ; state.S3 ; state.S2 ; state.S1 ; state.S0            ;
+----------+----------+----------+----------+---------------------+
; state.S0 ; 0        ; 0        ; 0        ; 0                   ;
; state.S1 ; 0        ; 0        ; 1        ; 1                   ;
; state.S2 ; 0        ; 1        ; 0        ; 1                   ;
; state.S3 ; 1        ; 0        ; 0        ; 1                   ;
+----------+----------+----------+----------+---------------------+


+-----------------------------------------------------------------------------------------------+
; Registers Removed During Synthesis                                                            ;
+---------------------------------------+-------------------------------------------------------+
; Register name                         ; Reason for Removal                                    ;
+---------------------------------------+-------------------------------------------------------+
; controller:controller_0|shift_product ; Merged with controller:controller_0|shift_multiplier  ;
; controller:controller_0|reset_product ; Merged with controller:controller_0|load_multiplicand ;
; Total Number of Removed Registers = 2 ;                                                       ;
+---------------------------------------+-------------------------------------------------------+


+------------------------------------------------------+
; General Register Statistics                          ;
+----------------------------------------------+-------+
; Statistic                                    ; Value ;
+----------------------------------------------+-------+
; Total registers                              ; 70    ;
; Number of registers using Synchronous Clear  ; 9     ;
; Number of registers using Synchronous Load   ; 0     ;
; Number of registers using Asynchronous Clear ; 12    ;
; Number of registers using Asynchronous Load  ; 0     ;
; Number of registers using Clock Enable       ; 36    ;
; Number of registers using Preset             ; 0     ;
+----------------------------------------------+-------+


+--------------------------------------------------+
; Inverted Register Statistics                     ;
+----------------------------------------+---------+
; Inverted Register                      ; Fan out ;
+----------------------------------------+---------+
; CLK_divider:clk_divider_0|tmp          ; 46      ;
; Total number of inverted registers = 1 ;         ;
+----------------------------------------+---------+


+------------------------------------------------------------------------------------------------------------------------------------------------------------------+
; Multiplexer Restructuring Statistics (Restructuring Performed)                                                                                                   ;
+--------------------+-----------+---------------+----------------------+------------------------+------------+----------------------------------------------------+
; Multiplexer Inputs ; Bus Width ; Baseline Area ; Area if Restructured ; Saving if Restructured ; Registered ; Example Multiplexer Output                         ;
+--------------------+-----------+---------------+----------------------+------------------------+------------+----------------------------------------------------+
; 3:1                ; 7 bits    ; 14 LEs        ; 7 LEs                ; 7 LEs                  ; Yes        ; |Multiplier_8bits|multiplier:multiplier_0|a[1]     ;
; 4:1                ; 8 bits    ; 16 LEs        ; 8 LEs                ; 8 LEs                  ; Yes        ; |Multiplier_8bits|product:product_0|a[3]           ;
; 4:1                ; 8 bits    ; 16 LEs        ; 16 LEs               ; 0 LEs                  ; Yes        ; |Multiplier_8bits|product:product_0|a[15]          ;
; 4:1                ; 3 bits    ; 6 LEs         ; 3 LEs                ; 3 LEs                  ; Yes        ; |Multiplier_8bits|controller:controller_0|count[1] ;
+--------------------+-----------+---------------+----------------------+------------------------+------------+----------------------------------------------------+


+-------------------------------+
; Elapsed Time Per Partition    ;
+----------------+--------------+
; Partition Name ; Elapsed Time ;
+----------------+--------------+
; Top            ; 00:00:02     ;
+----------------+--------------+


+-------------------------------+
; Analysis & Synthesis Messages ;
+-------------------------------+
Info: *******************************************************************
Info: Running Quartus II 64-Bit Analysis & Synthesis
    Info: Version 13.0.1 Build 232 06/12/2013 Service Pack 1 SJ Web Edition
    Info: Processing started: Wed Oct 02 08:44:56 2013
Info: Command: quartus_map --read_settings_files=on --write_settings_files=off Multiplier_8bits -c Multiplier_8bits
Warning (20028): Parallel compilation is not licensed and has been disabled
Info (12021): Found 1 design units, including 1 entities, in source file multiplier_8bits.bdf
    Info (12023): Found entity 1: Multiplier_8bits
Info (12021): Found 2 design units, including 1 entities, in source file //vmware-host/shared folders/desktop/archord-labos/lab 1 - multiplier/vhdl/add.vhd
    Info (12022): Found design unit 1: Add-synth
    Info (12023): Found entity 1: Add
Info (12021): Found 2 design units, including 1 entities, in source file //vmware-host/shared folders/desktop/archord-labos/lab 1 - multiplier/vhdl/and1x8.vhd
    Info (12022): Found design unit 1: and1x8-synth
    Info (12023): Found entity 1: and1x8
Info (12021): Found 2 design units, including 1 entities, in source file //vmware-host/shared folders/desktop/archord-labos/lab 1 - multiplier/vhdl/clk_divider.vhd
    Info (12022): Found design unit 1: CLK_divider-synth
    Info (12023): Found entity 1: CLK_divider
Info (12021): Found 2 design units, including 1 entities, in source file //vmware-host/shared folders/desktop/archord-labos/lab 1 - multiplier/vhdl/combinational_multiplier.vhd
    Info (12022): Found design unit 1: combinational_multiplier-combinational
    Info (12023): Found entity 1: combinational_multiplier
Info (12021): Found 2 design units, including 1 entities, in source file //vmware-host/shared folders/desktop/archord-labos/lab 1 - multiplier/vhdl/combinational_multcell.vhd
    Info (12022): Found design unit 1: combinational_multcell-combinational
    Info (12023): Found entity 1: combinational_multcell
Info (12021): Found 2 design units, including 1 entities, in source file //vmware-host/shared folders/desktop/archord-labos/lab 1 - multiplier/vhdl/controller.vhd
    Info (12022): Found design unit 1: controller-synth
    Info (12023): Found entity 1: controller
Info (12021): Found 2 design units, including 1 entities, in source file //vmware-host/shared folders/desktop/archord-labos/lab 1 - multiplier/vhdl/multiplicand.vhd
    Info (12022): Found design unit 1: multiplicand-synth
    Info (12023): Found entity 1: multiplicand
Info (12021): Found 2 design units, including 1 entities, in source file //vmware-host/shared folders/desktop/archord-labos/lab 1 - multiplier/vhdl/multiplier.vhd
    Info (12022): Found design unit 1: multiplier-synth
    Info (12023): Found entity 1: multiplier
Info (12021): Found 2 design units, including 1 entities, in source file //vmware-host/shared folders/desktop/archord-labos/lab 1 - multiplier/vhdl/product.vhd
    Info (12022): Found design unit 1: product-synth
    Info (12023): Found entity 1: product
Info (12127): Elaborating entity "Multiplier_8bits" for the top level hierarchy
Info (12128): Elaborating entity "controller" for hierarchy "controller:controller_0"
Info (12128): Elaborating entity "CLK_divider" for hierarchy "CLK_divider:clk_divider_0"
Warning (10492): VHDL Process Statement warning at CLK_divider.vhd(28): signal "tmp" is read inside the Process Statement but isn't in the Process Statement's sensitivity list
Info (12128): Elaborating entity "product" for hierarchy "product:product_0"
Info (12128): Elaborating entity "Add" for hierarchy "Add:add_0"
Info (12128): Elaborating entity "and1x8" for hierarchy "and1x8:and_0"
Info (12128): Elaborating entity "multiplier" for hierarchy "multiplier:multiplier_0"
Info (12128): Elaborating entity "multiplicand" for hierarchy "multiplicand:multiplicand_0"
Info (16010): Generating hard_block partition "hard_block:auto_generated_inst"
    Info (16011): Adding 0 node(s), including 0 DDIO, 0 PLL, 0 transceiver and 0 LCELL
Info (21057): Implemented 148 device resources after synthesis - the final resource count might be different
    Info (21058): Implemented 19 input pins
    Info (21059): Implemented 17 output pins
    Info (21061): Implemented 112 logic cells
Info: Quartus II 64-Bit Analysis & Synthesis was successful. 0 errors, 2 warnings
    Info: Peak virtual memory: 494 megabytes
    Info: Processing ended: Wed Oct 02 08:45:02 2013
    Info: Elapsed time: 00:00:06
    Info: Total CPU time (on all processors): 00:00:06


